// Jest Snapshot v1, https://goo.gl/fbAQLP

exports[`rn-versions/0.77.1 Change app name 1`] = `""`;

exports[`rn-versions/0.77.1 Change app name and bundle id for android only 1`] = `""`;

exports[`rn-versions/0.77.1 Change app name and bundle id for both ios and android 1`] = `""`;

exports[`rn-versions/0.77.1 Change app name and bundle id for ios only 1`] = `""`;
